Tue Feb 24 19:55:24 CET 2026
NVIDIA H100
==================================
=== Running inference (SMC-RW) ===
==================================
19:55 fiesta INFO    : Loading surrogate Bu2025_MLP. This surrogate should only be used in the following parameter ranges:
19:55 fiesta INFO    : 	 log10_mej_dyn: (-3.0, -1.3010299956639813)
19:55 fiesta INFO    : 	 v_ej_dyn: (0.12, 0.28)
19:55 fiesta INFO    : 	 Ye_dyn: (0.15, 0.35)
19:55 fiesta INFO    : 	 log10_mej_wind: (-2.0, -0.8860566476931633)
19:55 fiesta INFO    : 	 v_ej_wind: (0.05, 0.15)
19:55 fiesta INFO    : 	 Ye_wind: (0.2, 0.4)
19:55 fiesta INFO    : 	 inclination_EM: (0.0, 1.5707963267948966)
19:55 fiesta INFO    : Surrogate Bu2025_MLP is loading with source-frame time range [ 0.19405578 27.52765949] days.
19:55 fiesta INFO    : Surrogate Bu2025_MLP is loading with the following filters: [np.str_('2massh'), np.str_('2massj'), np.str_('2massks'), np.str_('ps1::g'), np.str_('ps1::i'), np.str_('ps1::r'), np.str_('ps1::y'), np.str_('ps1::z'), np.str_('sdssu')].
19:55 fiesta INFO    : Loaded for surrogate Bu2025_MLP from /gpfs/home6/twouters2/projects/13_fiesta_dev/fiestaEM/src/fiesta/surrogates/KN/Bu2025_MLP/model.
19:55 fiesta INFO    : Loading and preprocessing observations in likelihood . . .
19:55 fiesta INFO    : No detection limit is given. Putting it to infinity.
19:55 fiesta INFO    : Loading and preprocessing observations in likelihood . . . DONE
[INFO] jester: Initializing BlackJAX SMC sampler with random_walk kernel
[INFO] jester: Configuration: 2000 particles, 10 MCMC steps per tempering stage
[INFO] jester: Target ESS: 0.9
============================================================
KN inference with jesterTOV SMC Random Walk sampler
============================================================
Parameters : ['inclination_EM', 'log10_mej_dyn', 'v_ej_dyn', 'Ye_dyn', 'log10_mej_wind', 'v_ej_wind', 'Ye_wind']
n_particles: 2000
n_mcmc_steps: 10

[INFO] jester: Starting SMC sampling with random_walk kernel...
[INFO] jester: Using random walk kernel
[INFO] jester: Fixed sigma scaling: 0.1
[INFO] jester: ======================================================================
[INFO] jester: STARTING ADAPTIVE TEMPERING
[INFO] jester: ======================================================================
[INFO] jester: Kernel: RANDOM_WALK
[INFO] jester: Particles: 2000
[INFO] jester: MCMC steps per tempering: 10
[INFO] jester: Target ESS: 90%
[INFO] jester: Temperature progression: lambda = 0 (prior) -> 1 (posterior)
[INFO] jester: Progress updates will be shown after each annealing step
[INFO] jester: ======================================================================
[INFO] jester: Running SMC loop (this may take several minutes)...
[INFO] jester: Step    0 | λ=0.000051 | ESS= 95.8% | Accept= 85.4% | ░░░░░░░░░░░░░░░░░░░░░░░░░░░░░░
[INFO] jester: Step    1 | λ=0.000105 | ESS= 96.5% | Accept= 84.5% | ░░░░░░░░░░░░░░░░░░░░░░░░░░░░░░
[INFO] jester: Step    2 | λ=0.000170 | ESS= 96.6% | Accept= 84.2% | ░░░░░░░░░░░░░░░░░░░░░░░░░░░░░░
[INFO] jester: Step    3 | λ=0.000245 | ESS= 96.7% | Accept= 83.7% | ░░░░░░░░░░░░░░░░░░░░░░░░░░░░░░
[INFO] jester: Step    4 | λ=0.000328 | ESS= 97.1% | Accept= 82.5% | ░░░░░░░░░░░░░░░░░░░░░░░░░░░░░░
[INFO] jester: Step    5 | λ=0.000432 | ESS= 96.8% | Accept= 81.1% | ░░░░░░░░░░░░░░░░░░░░░░░░░░░░░░
[INFO] jester: Step    6 | λ=0.000552 | ESS= 97.1% | Accept= 80.2% | ░░░░░░░░░░░░░░░░░░░░░░░░░░░░░░
[INFO] jester: Step    7 | λ=0.000686 | ESS= 97.4% | Accept= 79.2% | ░░░░░░░░░░░░░░░░░░░░░░░░░░░░░░
[INFO] jester: Step    8 | λ=0.000841 | ESS= 97.6% | Accept= 79.9% | ░░░░░░░░░░░░░░░░░░░░░░░░░░░░░░
[INFO] jester: Step    9 | λ=0.001041 | ESS= 97.2% | Accept= 79.2% | ░░░░░░░░░░░░░░░░░░░░░░░░░░░░░░
[INFO] jester: Step   10 | λ=0.001248 | ESS= 97.9% | Accept= 78.3% | ░░░░░░░░░░░░░░░░░░░░░░░░░░░░░░
[INFO] jester: Step   11 | λ=0.001519 | ESS= 97.6% | Accept= 77.6% | ░░░░░░░░░░░░░░░░░░░░░░░░░░░░░░
[INFO] jester: Step   12 | λ=0.001864 | ESS= 97.3% | Accept= 76.7% | ░░░░░░░░░░░░░░░░░░░░░░░░░░░░░░
[INFO] jester: Step   13 | λ=0.002295 | ESS= 96.9% | Accept= 75.2% | ░░░░░░░░░░░░░░░░░░░░░░░░░░░░░░
[INFO] jester: Step   14 | λ=0.002789 | ESS= 97.1% | Accept= 75.0% | ░░░░░░░░░░░░░░░░░░░░░░░░░░░░░░
[INFO] jester: Step   15 | λ=0.003424 | ESS= 96.6% | Accept= 73.4% | ░░░░░░░░░░░░░░░░░░░░░░░░░░░░░░
[INFO] jester: Step   16 | λ=0.004219 | ESS= 96.0% | Accept= 71.7% | ░░░░░░░░░░░░░░░░░░░░░░░░░░░░░░
[INFO] jester: Step   17 | λ=0.005096 | ESS= 96.4% | Accept= 69.8% | ░░░░░░░░░░░░░░░░░░░░░░░░░░░░░░
[INFO] jester: Step   18 | λ=0.006144 | ESS= 95.9% | Accept= 68.5% | ░░░░░░░░░░░░░░░░░░░░░░░░░░░░░░
[INFO] jester: Step   19 | λ=0.007415 | ESS= 95.4% | Accept= 67.7% | ░░░░░░░░░░░░░░░░░░░░░░░░░░░░░░
[INFO] jester: Step   20 | λ=0.008899 | ESS= 94.8% | Accept= 66.2% | ░░░░░░░░░░░░░░░░░░░░░░░░░░░░░░
[INFO] jester: Step   21 | λ=0.010473 | ESS= 95.8% | Accept= 64.5% | ░░░░░░░░░░░░░░░░░░░░░░░░░░░░░░
[INFO] jester: Step   22 | λ=0.012392 | ESS= 95.1% | Accept= 62.6% | ░░░░░░░░░░░░░░░░░░░░░░░░░░░░░░
[INFO] jester: Step   23 | λ=0.014411 | ESS= 95.9% | Accept= 61.7% | ░░░░░░░░░░░░░░░░░░░░░░░░░░░░░░
[INFO] jester: Step   24 | λ=0.016760 | ESS= 95.7% | Accept= 59.6% | ░░░░░░░░░░░░░░░░░░░░░░░░░░░░░░
[INFO] jester: Step   25 | λ=0.019436 | ESS= 95.5% | Accept= 58.7% | ░░░░░░░░░░░░░░░░░░░░░░░░░░░░░░
[INFO] jester: Step   26 | λ=0.022478 | ESS= 95.4% | Accept= 57.5% | ░░░░░░░░░░░░░░░░░░░░░░░░░░░░░░
[INFO] jester: Step   27 | λ=0.026144 | ESS= 94.7% | Accept= 57.2% | ░░░░░░░░░░░░░░░░░░░░░░░░░░░░░░
[INFO] jester: Step   28 | λ=0.030070 | ESS= 95.5% | Accept= 56.0% | ░░░░░░░░░░░░░░░░░░░░░░░░░░░░░░
[INFO] jester: Step   29 | λ=0.034824 | ESS= 94.7% | Accept= 56.1% | █░░░░░░░░░░░░░░░░░░░░░░░░░░░░░
[INFO] jester: Step   30 | λ=0.039751 | ESS= 95.5% | Accept= 56.1% | █░░░░░░░░░░░░░░░░░░░░░░░░░░░░░
[INFO] jester: Step   31 | λ=0.045285 | ESS= 95.4% | Accept= 56.0% | █░░░░░░░░░░░░░░░░░░░░░░░░░░░░░
[INFO] jester: Step   32 | λ=0.051562 | ESS= 95.6% | Accept= 55.2% | █░░░░░░░░░░░░░░░░░░░░░░░░░░░░░
[INFO] jester: Step   33 | λ=0.059120 | ESS= 95.1% | Accept= 55.1% | █░░░░░░░░░░░░░░░░░░░░░░░░░░░░░
[INFO] jester: Step   34 | λ=0.067483 | ESS= 95.2% | Accept= 55.3% | ██░░░░░░░░░░░░░░░░░░░░░░░░░░░░
[INFO] jester: Step   35 | λ=0.076874 | ESS= 95.1% | Accept= 55.6% | ██░░░░░░░░░░░░░░░░░░░░░░░░░░░░
[INFO] jester: Step   36 | λ=0.087643 | ESS= 94.9% | Accept= 56.4% | ██░░░░░░░░░░░░░░░░░░░░░░░░░░░░
[INFO] jester: Step   37 | λ=0.099163 | ESS= 95.3% | Accept= 57.1% | ██░░░░░░░░░░░░░░░░░░░░░░░░░░░░
[INFO] jester: Step   38 | λ=0.112256 | ESS= 94.9% | Accept= 58.6% | ███░░░░░░░░░░░░░░░░░░░░░░░░░░░
[INFO] jester: Step   39 | λ=0.127356 | ESS= 94.5% | Accept= 59.1% | ███░░░░░░░░░░░░░░░░░░░░░░░░░░░
[INFO] jester: Step   40 | λ=0.143654 | ESS= 94.6% | Accept= 60.5% | ████░░░░░░░░░░░░░░░░░░░░░░░░░░
[INFO] jester: Step   41 | λ=0.161209 | ESS= 94.9% | Accept= 60.6% | ████░░░░░░░░░░░░░░░░░░░░░░░░░░
[INFO] jester: Step   42 | λ=0.182142 | ESS= 94.0% | Accept= 63.4% | █████░░░░░░░░░░░░░░░░░░░░░░░░░
[INFO] jester: Step   43 | λ=0.204499 | ESS= 94.6% | Accept= 67.3% | ██████░░░░░░░░░░░░░░░░░░░░░░░░
[INFO] jester: Step   44 | λ=0.228691 | ESS= 95.0% | Accept= 68.4% | ██████░░░░░░░░░░░░░░░░░░░░░░░░
[INFO] jester: Step   45 | λ=0.254930 | ESS= 95.6% | Accept= 73.0% | ███████░░░░░░░░░░░░░░░░░░░░░░░
[INFO] jester: Step   46 | λ=0.285183 | ESS= 95.3% | Accept= 74.9% | ████████░░░░░░░░░░░░░░░░░░░░░░
[INFO] jester: Step   47 | λ=0.317076 | ESS= 96.0% | Accept= 75.3% | █████████░░░░░░░░░░░░░░░░░░░░░
[INFO] jester: Step   48 | λ=0.355351 | ESS= 95.8% | Accept= 76.1% | ██████████░░░░░░░░░░░░░░░░░░░░
[INFO] jester: Step   49 | λ=0.398710 | ESS= 95.9% | Accept= 76.7% | ███████████░░░░░░░░░░░░░░░░░░░
[INFO] jester: Step   50 | λ=0.447870 | ESS= 96.0% | Accept= 78.7% | █████████████░░░░░░░░░░░░░░░░░
[INFO] jester: Step   51 | λ=0.506793 | ESS= 95.3% | Accept= 79.1% | ███████████████░░░░░░░░░░░░░░░
[INFO] jester: Step   52 | λ=0.576180 | ESS= 94.9% | Accept= 79.1% | █████████████████░░░░░░░░░░░░░
[INFO] jester: Step   53 | λ=0.652491 | ESS= 95.0% | Accept= 78.8% | ███████████████████░░░░░░░░░░░
[INFO] jester: Step   54 | λ=0.738774 | ESS= 95.0% | Accept= 79.0% | ██████████████████████░░░░░░░░
[INFO] jester: Step   55 | λ=0.843622 | ESS= 93.6% | Accept= 78.3% | █████████████████████████░░░░░
[INFO] jester: Step   56 | λ=0.951284 | ESS= 94.7% | Accept= 76.9% | ████████████████████████████░░
[INFO] jester: Step   57 | λ=1.000000 | ESS= 99.0% | Accept= 76.8% | ██████████████████████████████
[INFO] jester: Saved diagnostic plot to outdir_KN_SMC/smc_diagnostics.png
[INFO] jester: Computed 2000 log probability values
WARNING:root:Pandas support in corner is deprecated; use ArviZ directly

── Sampling complete ──────────────────────────────────────
  Final ESS : 1979.8 / 2000
  log Z     : -63.32
  Annealing steps: 58

Results saved to ./outdir_KN_SMC/samples.npz

── Posterior summary (weighted mean ± std) ────────────────
  inclination_EM           : 0.4538 ± 0.1412
  log10_mej_dyn            : -1.7596 ± 0.1099
  v_ej_dyn                 : 0.2175 ± 0.0040
  Ye_dyn                   : 0.3423 ± 0.0059
  log10_mej_wind           : -1.3961 ± 0.0263
  v_ej_wind                : 0.0504 ± 0.0004
  Ye_wind                  : 0.2425 ± 0.0044
Corner plot  → ./outdir_KN_SMC/corner.pdf
Lightcurves  → ./outdir_KN_SMC/lightcurves.pdf

Total sampler runtime: 31.3 seconds

Total script runtime: 45.1 seconds
